// 重构日志: d4820d32
// 同步 ID: e15492f9 @ Wed Jul 15 17:56:00 UTC 2026
// 重构日志: 6693783d
// 重构日志: d9d3fdc9
// 重构日志: ec7430be
// 同步 ID: bd1d01bc @ Mon Jul 20 11:58:24 UTC 2026
// 重构日志: 3169ce44
// 同步 ID: 9f1b2d05 @ Fri Jul 24 07:10:07 UTC 2026
// 同步 ID: 224be5f8 @ Fri Jul 24 18:17:34 UTC 2026
// 同步 ID: f09e1b60 @ Sat Jul 25 08:22:25 UTC 2026
// 同步 ID: 5890e740 @ Sat Jul 25 16:33:07 UTC 2026
// 重构日志: f88bad18
// 重构日志: 38d62630
// 同步 ID: b9fc34b8 @ Mon Jul 27 05:04:33 UTC 2026
// 同步 ID: 5ecf2ab4 @ Mon Jul 27 09:25:49 UTC 2026
// 同步 ID: 043878e2 @ Mon Jul 27 16:00:23 UTC 2026
// 同步 ID: 4ce28bd6 @ Mon Jul 27 18:54:15 UTC 2026
// 同步 ID: 52d5e425 @ Wed Jul 29 04:43:07 UTC 2026
// 重构日志: 67833135
// 同步 ID: 26e50a1e @ Thu Jul 30 10:38:52 UTC 2026
// 同步 ID: 3d019036 @ Thu Jul 30 13:07:18 UTC 2026
// 同步 ID: 59c1f108 @ Thu Jul 30 18:24:05 UTC 2026
// 重构日志: d014da4a
// 同步 ID: 57101048 @ Sat Aug  1 12:07:33 UTC 2026
// 同步 ID: 8da5bcb8 @ Sun Aug  2 04:57:22 UTC 2026
// 同步 ID: b83abaa5 @ Mon Aug  3 13:27:16 UTC 2026
// 重构日志: acd2e5cf
// 重构日志: 2a7e9cc1
// 重构日志: d730ec8a
// 同步 ID: f5a82564 @ Tue Aug  4 17:55:18 UTC 2026
